To honour the JVM settings for this build a single-use Daemon process will be forked. For more on this, please refer to https://docs.gradle.org/8.9/userguide/gradle_daemon.html#sec:disabling_the_daemon in the Gradle documentation.
Daemon will be stopped at the end of the build 
> Task :clean
> Task :checkKotlinGradlePluginConfigurationErrors SKIPPED
> Task :processResources NO-SOURCE
> Task :processTestResources NO-SOURCE
> Task :compileKotlin
> Task :compileJava NO-SOURCE
> Task :classes UP-TO-DATE
> Task :jar
> Task :compileTestKotlin
> Task :compileTestJava NO-SOURCE
> Task :testClasses UP-TO-DATE

> Task :test

ReceiptCheckerTest > nonBooleanEnvelopeRequiredIsRejected PASSED

ReceiptCheckerTest > acceptsStorageReceiptAndRejectsItsTamperedCopy PASSED

ReceiptCheckerTest > signedEnvelopeDetectsEditedDescriptiveFields PASSED

ReceiptCheckerTest > realPreEnvelopeExportFromBuildD675002StillVerifies PASSED

ReceiptCheckerTest > newExportWithEnvelopeRemovedIsRejected PASSED

ReceiptCheckerTest > legacyExportWithoutEnvelopeIsLabelledUnsigned PASSED

ReceiptCheckerTest > rejectsWrongArguments PASSED

ReceiptCheckerTest > acceptsExportAndReportsUnpinnedOfflineLimits PASSED

ReceiptCheckerTest > rejectsWellFormedBodyTamperAndPreservesOriginal PASSED

ReceiptCheckerTest > reportsMissingInputAsToolError PASSED

ReceiptCheckerTest > acceptsPinnedKeyAndRejectsDifferentKey PASSED

ReceiptCheckerTest > rejectsMalformedJson PASSED

ReceiptCheckerTest > rejectsMalformedUtf8 PASSED

ReceiptCheckerTest > rejectsSignedStorageReceiptThatClaimsPayment PASSED

BUILD SUCCESSFUL in 14s
5 actionable tasks: 5 executed
