# Build gate for cde5537df660

JVM/build results only. No phone, wallet, owned AI host or on-device node session is part of this gate.

- Command: `./gradlew --no-daemon clean :app:testDebugUnitTest :app:lintDebug :app:assembleDebug :app:assembleDebugAndroidTest`
- Gradle exit: EXIT=0
- Started: 2026-10-09T17:36:31Z · Finished: 2026-10-09T17:38:20Z
- Toolchain: openjdk version "17.0.20.1" 2026-08-18; gradle-8.9

## Unit tests (JUnit XML in `junit/`, parsed by attribute name)
```
suites=18 tests=164 passed=163 failures=0 errors=0 skipped=1
SKIPPED com.edgeore.app.NodeAgentIntegrationTest.pairObserveRevokeAgainstRealAgent (no reason given)
```

## Lint (debug)
```
No issues found.
```

## Debug APK
```
package: name='com.edgeore.app' versionCode='10' versionName='0.2.8-review' platformBuildVersionName='15' platformBuildVersionCode='35' compileSdkVersion='35' compileSdkVersionCodename='15'
sha256 46b443f7d4b1a04e1b832d442fda8a967dd57ed6a3bcba1fe37eb57e9299407a
size   15080965 bytes
BuildConfig.GIT_COMMIT = cde5537df660 
signer c9b4666505b1de4c34b18bb4a0c2a5795931a20e77035af2cc9e9c37b7ae4b93 (Android debug key unless you configured release signing)
```

## Live node agent
scripts/node-agent-it.sh exit: EXIT=0
QUALIFY_EXIT=0
