Program ID mismatch detected for program 'receipt_settlement':
  Keypair file has: DfBCi5T5WpXJyiy56Vn7WHJvGigbQoqFXkuXF2fncUgd
  Source code has:  8JMkxGfiEfXJ3xJgt9Dh2bzdp6ozL6WQ5E534WfLwHfT

Please run 'anchor keys sync' to update the program ID in your source code or use the '--ignore-keys' flag to skip this check.
   Compiling proc-macro2 v1.0.107
   Compiling unicode-ident v1.0.26
   Compiling quote v1.0.47
   Compiling serde_core v1.0.229
   Compiling equivalent v1.0.2
   Compiling winnow v1.0.4
   Compiling hashbrown v0.17.1
   Compiling toml_datetime v1.1.2+spec-1.1.0
   Compiling serde v1.0.229
   Compiling cfg_aliases v0.2.2
   Compiling borsh v1.8.1
   Compiling once_cell v1.21.4
   Compiling five8_core v1.0.0
   Compiling solana-define-syscall v4.0.1
   Compiling sha2-const-stable v0.1.0
   Compiling solana-define-syscall v5.2.0
   Compiling five8 v1.0.0
   Compiling five8_const v1.0.0
   Compiling solana-sanitize v3.0.1
   Compiling solana-atomic-u64 v3.0.1
   Compiling indexmap v2.14.2
   Compiling typenum v1.20.1
   Compiling bs58 v0.5.1
   Compiling autocfg v1.5.1
   Compiling thiserror v1.0.69
   Compiling syn v3.0.7
   Compiling toml_parser v1.1.5+spec-1.1.0
   Compiling syn v2.0.119
   Compiling hybrid-array v0.4.15
   Compiling num-traits v0.2.19
   Compiling toml_edit v0.25.17+spec-1.1.0
   Compiling proc-macro-crate v3.5.0
   Compiling cfg-if v1.0.5
   Compiling crypto-common v0.2.2
   Compiling block-buffer v0.12.1
   Compiling const-oid v0.10.2
   Compiling unicode-segmentation v1.13.3
   Compiling digest v0.11.3
   Compiling cpufeatures v0.3.1
   Compiling heck v0.3.3
   Compiling sha2 v0.11.0
   Compiling version_check v0.9.5
   Compiling solana-program-memory v3.1.0
   Compiling feature-probe v0.1.1
   Compiling solana-msg v3.1.0
   Compiling zmij v1.0.23
   Compiling bv v0.11.1
   Compiling anyhow v1.0.104
   Compiling serde_json v1.0.151
   Compiling log v0.4.34
   Compiling cpufeatures v0.2.17
   Compiling generic-array v0.14.7
   Compiling itoa v1.0.18
   Compiling memchr v2.8.3
   Compiling lazy_static v1.5.1
   Compiling serde_bytes v0.11.19
   Compiling keccak-const v0.2.0
   Compiling solana-define-syscall v3.0.0
   Compiling const-crypto v0.3.0
   Compiling solana-program-option v3.1.0
   Compiling base64 v0.21.7
   Compiling crypto-common v0.1.7
   Compiling block-buffer v0.10.4
   Compiling digest v0.10.7
   Compiling sha2 v0.10.9
   Compiling serde_derive v1.0.229
   Compiling borsh-derive v1.8.1
   Compiling bytemuck_derive v1.12.1
   Compiling thiserror-impl v1.0.69
   Compiling solana-sdk-macro v3.0.1
   Compiling anchor-attribute-access-control v1.2.1
   Compiling anchor-derive-space v1.2.1
   Compiling bytemuck v1.25.2
   Compiling anchor-syn v1.2.1
   Compiling anchor-lang-idl-spec v0.1.0
   Compiling solana-hash v4.6.0
   Compiling bincode v1.3.3
   Compiling solana-fee-calculator v3.3.0
   Compiling solana-sha256-hasher v3.1.0
   Compiling solana-program-error v3.0.1
   Compiling solana-address v2.7.0
   Compiling solana-instruction-error v2.5.0
   Compiling solana-program-pack v3.1.0
   Compiling solana-sdk-ids v3.1.0
   Compiling solana-pubkey v4.3.0
   Compiling solana-get-sysvar v1.0.0
   Compiling solana-instruction v4.0.0
   Compiling solana-account-info v3.1.1
   Compiling solana-sysvar-id v3.1.0
   Compiling solana-address v1.1.0
   Compiling solana-clock v4.0.0
   Compiling solana-pubkey v3.0.0
   Compiling solana-instruction v3.5.1
   Compiling solana-program-entrypoint v3.1.1
   Compiling solana-stable-layout v3.0.1
   Compiling solana-clock v3.2.1
   Compiling solana-slot-hashes v3.2.0
   Compiling solana-last-restart-slot v3.2.0
   Compiling solana-epoch-rewards v3.2.0
   Compiling solana-epoch-schedule v3.3.0
   Compiling solana-rent v3.1.0
   Compiling solana-slot-history v3.2.0
   Compiling solana-cpi v3.1.0
   Compiling solana-system-interface v2.0.0
   Compiling solana-system-interface v3.3.0
   Compiling solana-sysvar v3.1.1
   Compiling anchor-lang-idl v0.1.4
   Compiling solana-serialize-utils v3.1.2
   Compiling solana-invoke v0.5.0
   Compiling solana-feature-gate-interface v3.1.0
   Compiling solana-instructions-sysvar v3.0.1
   Compiling solana-stake-interface v2.0.2
   Compiling solana-loader-v3-interface v6.1.1
   Compiling anchor-attribute-error v1.2.1
   Compiling anchor-derive-serde v1.2.1
   Compiling anchor-derive-accounts v1.2.1
   Compiling anchor-attribute-event v1.2.1
   Compiling anchor-attribute-constant v1.2.1
   Compiling anchor-attribute-account v1.2.1
   Compiling anchor-lang-error v1.2.1
   Compiling anchor-attribute-program v1.2.1
   Compiling anchor-lang v1.2.1
   Compiling receipt-settlement v0.1.0 (/workspace/final/anchorrun/onchain/programs/receipt-settlement)
    Finished `release` profile [optimized] target(s) in 1m 09s
   Compiling proc-macro2 v1.0.107
   Compiling quote v1.0.47
   Compiling unicode-ident v1.0.26
   Compiling libc v0.2.190
   Compiling cfg-if v1.0.5
   Compiling typenum v1.20.1
   Compiling version_check v0.9.5
   Compiling subtle v2.6.1
   Compiling serde_core v1.0.229
   Compiling serde v1.0.229
   Compiling const-oid v0.9.6
   Compiling generic-array v0.14.7
   Compiling zerocopy v0.8.62
   Compiling once_cell v1.21.4
   Compiling equivalent v1.0.2
   Compiling winnow v1.0.4
   Compiling cpufeatures v0.2.17
   Compiling strsim v0.11.1
   Compiling ident_case v1.0.1
   Compiling thiserror v2.0.21
   Compiling getrandom v0.3.4
   Compiling hashbrown v0.17.1
   Compiling toml_datetime v1.1.2+spec-1.1.0
   Compiling syn v3.0.7
   Compiling syn v2.0.119
   Compiling feature-probe v0.1.1
   Compiling toml_parser v1.1.5+spec-1.1.0
   Compiling bv v0.11.1
   Compiling indexmap v2.14.2
   Compiling wincode v0.6.2
   Compiling getrandom v0.2.17
   Compiling rand_core v0.6.4
   Compiling toml_edit v0.25.17+spec-1.1.0
   Compiling cfg_aliases v0.2.2
   Compiling pastey v0.2.3
   Compiling borsh v1.8.1
   Compiling semver v1.0.28
   Compiling five8_core v1.0.0
   Compiling autocfg v1.5.1
   Compiling rustc_version v0.4.1
   Compiling solana-sanitize v3.0.1
   Compiling five8 v1.0.0
   Compiling solana-atomic-u64 v3.0.1
   Compiling curve25519-dalek v4.1.3
   Compiling proc-macro-crate v3.5.0
   Compiling rand_core v0.9.5
   Compiling sha2-const-stable v0.1.0
   Compiling libm v0.2.16
   Compiling num-traits v0.2.19
   Compiling five8_const v1.0.0
   Compiling jobserver v0.1.35
   Compiling find-msvc-tools v0.1.14
   Compiling shlex v2.0.1
   Compiling bs58 v0.5.1
   Compiling cc v1.7.0
   Compiling hybrid-array v0.4.15
   Compiling cpufeatures v0.3.1
   Compiling memchr v2.8.3
   Compiling foldhash v0.1.5
   Compiling solana-program-memory v3.1.0
   Compiling block-buffer v0.12.1
   Compiling crypto-common v0.2.2
   Compiling allocator-api2 v0.2.21
   Compiling hashbrown v0.15.5
   Compiling cmov v0.5.4
   Compiling darling_core v0.23.0
   Compiling ppv-lite86 v0.2.21
   Compiling base64 v0.22.1
   Compiling ctutils v0.4.3
   Compiling rand_chacha v0.9.0
   Compiling rand_chacha v0.3.1
   Compiling digest v0.11.3
   Compiling rand v0.9.5
   Compiling rand v0.8.8
   Compiling either v1.19.0
   Compiling getrandom v0.4.3
   Compiling log v0.4.34
   Compiling rand_core v0.10.1
   Compiling solana-ed25519 v0.2.4
   Compiling lazy_static v1.5.1
   Compiling sha2 v0.11.0
   Compiling arrayvec v0.7.8
   Compiling bitflags v2.13.2
   Compiling rand v0.10.3
   Compiling solana-define-syscall v4.0.1
   Compiling solana-msg v3.1.0
   Compiling zeroize_derive v1.5.0
   Compiling curve25519-dalek-derive v0.1.1
   Compiling solana-sdk-macro v3.0.1
   Compiling serde_bytes v0.11.19
   Compiling serde_derive v1.0.229
   Compiling thiserror-impl v2.0.21
   Compiling bytemuck_derive v1.12.1
   Compiling borsh-derive v1.8.1
   Compiling itoa v1.0.18
   Compiling zeroize v1.9.1
   Compiling thiserror v1.0.69
   Compiling thiserror-impl v1.0.69
   Compiling crypto-common v0.1.7
   Compiling block-buffer v0.10.4
   Compiling darling_macro v0.23.0
   Compiling digest v0.10.7
   Compiling sha2 v0.10.9
   Compiling darling v0.23.0
   Compiling wincode-derive v0.5.1
   Compiling signature v2.2.0
   Compiling bytemuck v1.25.2
   Compiling blake3 v1.8.7
   Compiling ed25519 v2.2.3
   Compiling ahash v0.8.12
   Compiling hmac v0.12.1
   Compiling constant_time_eq v0.4.2
   Compiling byteorder v1.5.0
   Compiling zmij v1.0.23
   Compiling serde_json v1.0.151
   Compiling radium v0.7.0
   Compiling solana-svm-feature-set v4.3.0
   Compiling tap v1.0.1
   Compiling wyz v0.5.1
   Compiling synstructure v0.14.0
   Compiling funty v2.0.0
   Compiling void v1.0.2
   Compiling unreachable v1.0.0
   Compiling pbkdf2 v0.11.0
   Compiling num-integer v0.1.47
   Compiling pkg-config v0.3.34
   Compiling smallvec v1.16.3
   Compiling ascii v0.9.3
   Compiling solana-program-error v3.0.1
   Compiling solana-nullable v1.3.0
   Compiling num-bigint v0.4.8
   Compiling zerofrom-derive v0.1.8
   Compiling solana-seed-phrase v3.0.0
   Compiling combine v3.8.1
   Compiling hash32 v0.3.1
   Compiling num-derive v0.4.2
   Compiling pin-project-lite v0.2.17
   Compiling solana-instruction-error v2.5.0
   Compiling bincode v1.3.3
   Compiling serde-big-array v0.5.1
   Compiling solana-transaction-error v3.4.0
   Compiling bitvec v1.1.1
   Compiling rustc-demangle v0.1.28
   Compiling bytes v1.12.1
   Compiling zerofrom v0.1.8
   Compiling yoke-derive v0.8.4
   Compiling rand_xorshift v0.3.0
   Compiling stable_deref_trait v1.2.1
   Compiling paste v1.0.15
   Compiling ed25519-dalek v2.2.0
   Compiling itertools v0.14.0
   Compiling futures-core v0.3.34
   Compiling percent-encoding v2.3.2
   Compiling syn v1.0.109
   Compiling zerovec-derive v0.11.6
   Compiling parking_lot_core v0.9.12
   Compiling yoke v0.8.3
   Compiling solana-hash v4.6.0
   Compiling solana-signature v3.5.2
   Compiling solana-fee-calculator v3.3.0
   Compiling solana-sha256-hasher v3.1.0
   Compiling solana-short-vec v3.3.0
   Compiling solana-sbpf v0.23.0
   Compiling solana-address v2.7.0
   Compiling solana-pubkey v4.3.0
   Compiling solana-sdk-ids v3.1.0
   Compiling solana-get-sysvar v1.0.0
   Compiling solana-instruction v4.0.0
   Compiling solana-account-info v3.1.1
   Compiling solana-signer v3.0.1
   Compiling solana-serialize-utils v3.1.2
   Compiling solana-instruction v3.5.1
   Compiling solana-sysvar-id v3.1.0
   Compiling solana-program-entrypoint v3.1.1
   Compiling solana-system-interface v3.3.0
   Compiling solana-message v4.6.0
   Compiling solana-epoch-schedule v3.3.0
   Compiling solana-clock v4.0.0
   Compiling solana-slot-hashes v3.2.0
   Compiling solana-epoch-rewards v3.2.0
   Compiling solana-clock v3.2.1
   Compiling solana-last-restart-slot v3.2.0
   Compiling solana-slot-history v3.2.0
   Compiling solana-stake-history v1.1.0
   Compiling solana-rent v4.4.0
   Compiling solana-sysvar v4.2.0
   Compiling ff v0.13.1
   Compiling solana-instructions-sysvar v4.0.0
   Compiling solana-stable-layout v3.0.1
   Compiling solana-keypair v3.1.2
   Compiling group v0.13.0
   Compiling solana-loader-v3-interface v7.0.0
   Compiling zerovec v0.11.8
   Compiling solana-account v4.7.0
   Compiling displaydoc v0.2.7
   Compiling enum-iterator-derive v1.5.0
   Compiling solana-precompile-error v3.0.0
   Compiling scopeguard v1.2.0
   Compiling lock_api v0.4.14
   Compiling solana-transaction v4.3.0
   Compiling darling_core v0.24.1
   Compiling enum-iterator v2.3.0
   Compiling solana-svm-transaction v5.0.0
   Compiling errno v0.3.14
   Compiling solana-fee-structure v4.1.0
   Compiling eager v0.1.0
   Compiling futures-sink v0.3.34
   Compiling crunchy v0.2.4
   Compiling signal-hook-registry v1.4.8
   Compiling parking_lot v0.12.5
   Compiling solana-transaction-context v4.3.0
   Compiling solana-svm-callback v4.3.0
   Compiling agave-feature-set v4.3.0
   Compiling serde_spanned v1.1.2
   Compiling toml_datetime v0.7.5+spec-1.1.0
   Compiling solana-svm-timings v4.3.0
   Compiling der v0.7.10
   Compiling tokio-macros v2.7.2
   Compiling enum-ordinalize-derive v4.4.2
   Compiling solana-svm-type-overrides v4.3.0
   Compiling solana-svm-log-collector v4.3.0
   Compiling socket2 v0.6.5
   Compiling mio v1.2.4
   Compiling solana-svm-measure v4.3.0
   Compiling const-oid v0.10.2
   Compiling toml_writer v1.1.3+spec-1.1.0
   Compiling winnow v0.7.15
   Compiling unicode-segmentation v1.13.3
   Compiling tokio v1.53.2
   Compiling solana-program-runtime v4.3.0
   Compiling enum-ordinalize v4.4.2
   Compiling heck v0.3.3
   Compiling futures-channel v0.3.34
   Compiling tinystr v0.8.4
   Compiling solana-address v1.1.0
   Compiling solana-wincode-varint v1.1.0
   Compiling solana-serde-varint v3.0.1
   Compiling digest v0.9.0
   Compiling futures-macro v0.3.34
   Compiling ark-std v0.5.0
   Compiling ark-serialize-derive v0.5.0
   Compiling darling_macro v0.24.1
   Compiling blst v0.3.17
   Compiling num_cpus v1.17.0
   Compiling darling v0.24.1
   Compiling futures-task v0.3.34
   Compiling futures-io v0.3.34
   Compiling anyhow v1.0.104
   Compiling writeable v0.6.4
   Compiling toml v0.9.12+spec-1.1.0
   Compiling slab v0.4.12
   Compiling litemap v0.8.3
   Compiling opaque-debug v0.3.1
   Compiling futures-util v0.3.34
   Compiling threadpool v1.8.1
   Compiling serde_with_macros v3.24.0
   Compiling icu_locale_core v2.3.0
   Compiling ark-serialize v0.5.0
   Compiling ark-serialize-derive v0.4.2
   Compiling cargo_toml v0.22.3
   Compiling solana-pubkey v3.0.0
   Compiling educe v0.6.0
   Compiling spki v0.7.3
   Compiling potential_utf v0.1.6
   Compiling zerotrie v0.2.5
   Compiling solana-packet v4.3.0
   Compiling ark-ff-macros v0.5.0
   Compiling zstd-sys v2.1.1+zstd.1.5.7
   Compiling ark-std v0.4.0
   Compiling ark-ff-asm v0.5.0
   Compiling ring v0.17.14
   Compiling itertools v0.13.0
   Compiling base16ct v0.2.0
   Compiling icu_properties_data v2.3.0
   Compiling icu_normalizer_data v2.3.0
   Compiling utf8_iter v1.0.4
   Compiling keccak v0.1.6
   Compiling icu_collections v2.3.0
   Compiling libsecp256k1-core v0.3.0
   Compiling sec1 v0.7.3
   Compiling ark-serialize v0.4.2
   Compiling anchor-syn v1.2.1
   Compiling icu_provider v2.3.1
   Compiling pkcs8 v0.10.2
   Compiling ark-ff v0.5.0
   Compiling serde_with v3.24.0
   Compiling ark-ff-macros v0.4.2
   Compiling ark-ff-asm v0.4.2
   Compiling derivative v2.2.0
   Compiling pairing v0.23.0
   Compiling solana-cpi v3.1.0
   Compiling http v1.5.0
   Compiling crypto-bigint v0.5.5
   Compiling cfg_eval v0.1.2
   Compiling itertools v0.10.5
   Compiling byte-slice-cast v1.2.3
   Compiling alloc-no-stdlib v3.0.0
   Compiling rustversion v1.0.23
   Compiling arrayref v0.3.9
   Compiling crc32fast v1.5.2
   Compiling blstrs v0.7.1
   Compiling ark-ff v0.4.2
   Compiling alloc-stdlib v0.3.0
   Compiling elliptic-curve v0.13.8
   Compiling http-body v1.1.0
   Compiling sha3 v0.10.9
   Compiling ark-poly v0.5.0
   Compiling solana-bincode v3.1.0
   Compiling solana-zk-sdk-pod v0.1.2
   Compiling hashbrown v0.13.2
   Compiling rfc6979 v0.4.0
   Compiling rustls-pki-types v1.15.1
   Compiling zstd-safe v7.3.0
   Compiling httparse v1.10.1
   Compiling untrusted v0.9.0
   Compiling getrandom v0.1.16
   Compiling simd-adler32 v0.3.10
   Compiling adler2 v2.0.1
   Compiling miniz_oxide v0.9.1
   Compiling ecdsa v0.16.9
   Compiling ark-ec v0.5.0
   Compiling solana-zk-elgamal-proof-interface v0.1.3
   Compiling icu_properties v2.3.0
   Compiling icu_normalizer v2.3.0
   Compiling brotli-decompressor v6.0.1
   Compiling solana-vote-interface v6.1.0
   Compiling libsecp256k1-gen-genmult v0.3.0
   Compiling libsecp256k1-gen-ecmult v0.3.0
   Compiling spl-discriminator-syn v0.2.1
   Compiling solana-curve25519 v4.0.1
   Compiling inout v0.1.4
   Compiling crypto-mac v0.8.0
   Compiling block-buffer v0.9.0
   Compiling num_enum_derive v0.7.6
   Compiling openssl-src v300.6.1+3.6.3
   Compiling aho-corasick v1.1.5
   Compiling regex-syntax v0.8.11
   Compiling ark-poly v0.4.2
   Compiling vcpkg v0.2.15
   Compiling rustls v0.23.45
   Compiling try-lock v0.2.5
   Compiling tower-service v0.3.3
   Compiling openssl-sys v0.9.117
   Compiling want v0.3.2
   Compiling ark-ec v0.4.2
   Compiling num_enum v0.7.6
   Compiling sha2 v0.9.9
   Compiling hmac v0.8.1
   Compiling rustls-webpki v0.103.15
   Compiling cipher v0.4.4
   Compiling ark-bn254 v0.5.0
   Compiling spl-discriminator-derive v0.2.0
   Compiling libsecp256k1 v0.7.2
   Compiling brotli v9.0.0
   Compiling idna_adapter v1.2.2
   Compiling flate2 v1.1.10
   Compiling regex-automata v0.4.18
   Compiling k256 v0.13.4
   Compiling form_urlencoded v1.2.2
   Compiling solana-borsh v3.0.2
   Compiling tracing-core v0.1.36
   Compiling compression-core v0.4.33
   Compiling atomic-waker v1.1.2
   Compiling fnv v1.0.7
   Compiling hyper v1.12.0
   Compiling uriparse v0.6.4
   Compiling tracing v0.1.44
   Compiling rand_core v0.5.1
   Compiling ark-bn254 v0.4.0
   Compiling idna v1.1.0
   Compiling spl-discriminator v0.5.2
   Compiling zstd v0.13.3
   Compiling compression-codecs v0.4.45
   Compiling regex v1.13.1
   Compiling hmac-drbg v0.3.0
   Compiling solana-instructions-sysvar v3.0.1
   Compiling solana-nonce v3.3.0
   Compiling qstring v0.7.2
   Compiling sync_wrapper v1.0.2
   Compiling solana-program-pack v3.1.0
   Compiling solana-zero-copy v1.3.0
   Compiling universal-hash v0.5.1
   Compiling solana-program-option v3.1.0
   Compiling ipnet v2.12.2
   Compiling tower-layer v0.3.3
   Compiling derivation-path v0.2.0
   Compiling base64 v0.23.1
   Compiling solana-derivation-path v3.0.0
   Compiling hyper-util v0.1.21
   Compiling solana-account-decoder-client-types v4.3.0
   Compiling tower v0.5.3
   Compiling polyval v0.6.2
   Compiling async-compression v0.4.50
   Compiling url v2.5.8
   Compiling light-poseidon v0.2.0
   Compiling light-poseidon v0.4.1
   Compiling ctr v0.9.2
   Compiling tokio-rustls v0.26.6
   Compiling aes v0.8.4
   Compiling webpki-roots v1.0.9
   Compiling solana-bls-signatures v3.4.0
   Compiling solana-keccak-hasher v3.1.0
   Compiling http-body-util v0.1.5
   Compiling tokio-util v0.7.20
   Compiling aead v0.5.2
   Compiling solana-hash-512 v1.2.0
   Compiling crossbeam-utils v0.8.23
   Compiling openssl v0.10.81
   Compiling solana-version v4.3.0
   Compiling ryu v1.0.23
   Compiling foreign-types-shared v0.1.1
   Compiling foreign-types v0.3.2
   Compiling tower-http v0.6.11
   Compiling serde_urlencoded v0.7.1
   Compiling solana-sha512-hasher v1.0.1
   Compiling aes-gcm-siv v0.11.1
   Compiling solana-poseidon v4.0.0
   Compiling hyper-rustls v0.27.10
   Compiling solana-seed-derivable v3.0.0
   Compiling spl-type-length-value v0.9.1
   Compiling rand_chacha v0.2.2
   Compiling solana-secp256k1-recover v3.3.0
   Compiling solana-bn254 v3.2.1
   Compiling solana-bls12-381-syscall v0.1.1
   Compiling anchor-lang-idl-spec v0.1.0
   Compiling merlin v3.0.0
   Compiling futures-executor v0.3.34
   Compiling solana-rent v3.1.0
   Compiling solana-blake3-hasher v3.1.0
   Compiling solana-reward-info v7.0.0
   Compiling solana-big-mod-exp v4.0.0
   Compiling solana-commitment-config v3.1.1
   Compiling hkdf v0.12.4
   Compiling openssl-macros v0.1.1
   Compiling portable-atomic v1.15.0
   Compiling solana-define-syscall v5.2.0
   Compiling signature v1.6.4
   Compiling solana-syscalls v4.3.0
   Compiling ed25519 v1.5.3
   Compiling solana-zk-sdk v7.0.1
   Compiling anchor-lang-idl v0.1.4
   Compiling solana-transaction-status-client-types v4.3.0
   Compiling solana-sysvar v3.1.1
   Compiling futures v0.3.34
   Compiling rand v0.7.3
   Compiling spl-token-metadata-interface v1.0.1
   Compiling reqwest v0.12.28
   Compiling spl-token-group-interface v0.7.2
   Compiling solana-nonce-account v4.3.0
   Compiling spl-token-confidential-transfer-proof-extraction v0.6.1
   Compiling curve25519-dalek v3.2.0
   Compiling solana-vote v4.3.0
   Compiling anchor-attribute-error v1.2.1
   Compiling solana-system-interface v2.0.0
   Compiling solana-compute-budget v4.3.0
   Compiling solana-builtins-default-costs v4.3.0
   Compiling solana-address-lookup-table-interface v3.2.0
   Compiling solana-compute-budget-interface v3.1.0
   Compiling num-derive v0.5.1
   Compiling async-trait v0.1.92
   Compiling qualifier_attr v0.2.2
   Compiling agave-random v4.3.0
   Compiling solana-inflation v3.3.0
   Compiling keccak-const v0.2.0
   Compiling solana-define-syscall v3.0.0
   Compiling unicode-width v0.2.2
   Compiling const-crypto v0.3.0
   Compiling solana-bpf-loader-program v4.3.0
   Compiling spl-token-2022-interface v3.1.2
   Compiling console v0.16.6
   Compiling solana-invoke v0.5.0
   Compiling reqwest-middleware v0.4.2
   Compiling solana-rpc-client-types v4.3.0
   Compiling solana-leader-schedule v4.3.0
   Compiling solana-compute-budget-instruction v4.3.0
   Compiling solana-stake-interface v2.0.2
   Compiling ed25519-dalek v1.0.1
   Compiling anchor-lang-error v1.2.1
   Compiling anchor-attribute-program v1.2.1
   Compiling solana-system-program v4.3.0
   Compiling crossbeam-channel v0.5.17
   Compiling solana-zk-elgamal-proof-program v4.3.0
   Compiling jsonrpc-core v18.0.0
   Compiling solana-vote-program v4.3.0
   Compiling spl-token-interface v3.0.0
   Compiling Inflector v0.11.4
   Compiling solana-secp256k1-program v3.0.1
   Compiling anchor-derive-accounts v1.2.1
   Compiling anchor-attribute-event v1.2.1
   Compiling anchor-derive-serde v1.2.1
   Compiling anchor-attribute-constant v1.2.1
   Compiling anchor-attribute-account v1.2.1
   Compiling solana-stake-interface v4.4.0
   Compiling agave-transaction-view v6.1.0
   Compiling spl-generic-token v2.0.1
   Compiling solana-zk-token-proof-program v4.3.0
   Compiling solana-compute-budget-program v4.3.0
   Compiling solana-feature-gate-interface v4.0.0
   Compiling solana-config-interface v2.0.1
   Compiling solana-loader-v3-interface v6.1.1
   Compiling solana-signer-store v0.1.0
   Compiling solana-ed25519-program v3.0.0
   Compiling solana-feature-gate-interface v3.1.0
   Compiling anchor-attribute-access-control v1.2.1
   Compiling anchor-derive-space v1.2.1
   Compiling unit-prefix v0.5.2
   Compiling base64 v0.21.7
   Compiling indicatif v0.18.6
   Compiling solana-account-decoder v4.3.0
   Compiling agave-votor-messages v4.3.0
   Compiling solana-runtime-transaction v4.3.0
   Compiling solana-builtins v4.3.0
   Compiling solana-rpc-client-api v4.3.0
   Compiling solana-loader-v4-interface v3.1.0
   Compiling anchor-lang v1.2.1
   Compiling agave-reserved-account-keys v4.3.0
   Compiling solana-fee v4.3.0
   Compiling solana-loader-v3-interface v8.1.1
   Compiling solana-epoch-info v3.1.0
   Compiling itertools v0.15.0
   Compiling solana-native-token v3.0.0
   Compiling ansi_term v0.12.1
   Compiling solana-rpc-client v4.3.0
   Compiling receipt-settlement v0.1.0 (/workspace/final/anchorrun/onchain/programs/receipt-settlement)
   Compiling solana-secp256r1-program v3.0.0
   Compiling agave-precompiles v4.3.0
   Compiling litesvm v0.18.0
    Finished `test` profile [unoptimized + debuginfo] target(s) in 1m 26s
     Running unittests src/lib.rs (/workspace/final/anchorrun/onchain/target/debug/deps/receipt_settlement-943a2cbaeaaa51f6)
     Running tests/settlement.rs (/workspace/final/anchorrun/onchain/target/debug/deps/settlement-3e554c6d38e8cbcc)
     Running tests/validator.rs (/workspace/final/anchorrun/onchain/target/debug/deps/validator-c5a431ed01b92ec8)
