To honour the JVM settings for this build a single-use Daemon process will be forked. For more on this, please refer to https://docs.gradle.org/8.9/userguide/gradle_daemon.html#sec:disabling_the_daemon in the Gradle documentation.
Daemon will be stopped at the end of the build 
> Task :app:checkKotlinGradlePluginConfigurationErrors SKIPPED
> Task :app:preBuild UP-TO-DATE
> Task :app:preDebugBuild UP-TO-DATE
> Task :app:generateDebugBuildConfig
> Task :app:generateDebugResValues
> Task :app:checkDebugAarMetadata
> Task :app:mapDebugSourceSetPaths
> Task :app:generateDebugResources
> Task :app:packageDebugResources
> Task :app:mergeDebugResources
> Task :app:createDebugCompatibleScreenManifests
> Task :app:extractDeepLinksDebug
> Task :app:parseDebugLocalResources

> Task :app:processDebugMainManifest
[com.solanamobile:mobile-wallet-adapter-clientlib-ktx:2.0.3] /workspace/tools/gradle-home/caches/8.9/transforms/d63a1c394032325a22ee9a4013b34918/transformed/mobile-wallet-adapter-clientlib-ktx-2.0.3/AndroidManifest.xml Warning:
	Namespace 'com.solana.mobilewalletadapter.clientlib' is used in multiple modules and/or libraries: com.solanamobile:mobile-wallet-adapter-clientlib-ktx:2.0.3, com.solanamobile:mobile-wallet-adapter-clientlib:2.0.3. Please ensure that all modules and libraries have a unique namespace. For more information, See https://developer.android.com/studio/build/configure-app-module#set-namespace

> Task :app:processDebugManifest
> Task :app:processDebugManifestForPackage
> Task :app:javaPreCompileDebug
> Task :app:preDebugUnitTestBuild UP-TO-DATE
> Task :app:javaPreCompileDebugUnitTest
> Task :app:mergeDebugShaders
> Task :app:compileDebugShaders NO-SOURCE
> Task :app:generateDebugAssets UP-TO-DATE
> Task :app:mergeDebugAssets
> Task :app:processDebugResources
> Task :app:packageDebugUnitTestForUnitTest
> Task :app:generateDebugUnitTestConfig

> Task :app:compileDebugKotlin
w: file:///tmp/main-wt/app/src/main/java/com/edgeore/app/device/DeviceResources.kt:38:23 'val allNetworks: (Array<Network!>..Array<out Network!>)' is deprecated. Deprecated in Java.

> Task :app:compileDebugJavaWithJavac
> Task :app:bundleDebugClassesToCompileJar
> Task :app:bundleDebugClassesToRuntimeJar
> Task :app:processDebugJavaRes

> Task :app:compileDebugUnitTestKotlin
w: file:///tmp/main-wt/app/src/test/java/com/edgeore/app/TransportHardeningTest.kt:104:19 'fun createTempDir(prefix: String = ..., suffix: String? = ..., directory: File? = ...): File' is deprecated. Avoid creating temporary directories in the default temp location with this function due to too wide permissions on the newly created directory. Use kotlin.io.path.createTempDirectory instead.

> Task :app:compileDebugUnitTestJavaWithJavac NO-SOURCE
> Task :app:processDebugUnitTestJavaRes

> Task :app:testDebugUnitTest

FullScreenshotTest > review FAILED
    java.lang.AssertionError at ScreenshotTest.kt:71

ScreenshotTest > review FAILED
    java.lang.AssertionError at ScreenshotTest.kt:57

13 tests completed, 2 failed

> Task :app:testDebugUnitTest FAILED
> Task :app:finalizeTestRoborazziDebug

FAILURE: Build failed with an exception.

* What went wrong:
Execution failed for task ':app:testDebugUnitTest'.
> There were failing tests. See the report at: file:///tmp/main-wt/app/build/reports/tests/testDebugUnitTest/index.html

* Try:
> Run with --scan to get full insights.

BUILD FAILED in 58s
29 actionable tasks: 29 executed
MAIN_SCREENS_EXIT=1
06-review-full_actual.png
06-review-full_compare.png
06-review_actual.png
06-review_compare.png
